// Jest Snapshot v1, https://goo.gl/fbAQLP

exports[`Profile 1`] = `
<div>
  <h1>
    This is profile
  </h1>
  <a
    onClick={[Function]}
    style={Object {}}
  >
    Go to about
  </a>
  <div>
    <input
      onKeyDown={[Function]}
      type="text"
    />
    <ul>
      <li>
        <span>
          fetched todo
        </span>
        <button
          onClick={[Function]}
        >
          remove
        </button>
        <button
          onClick={[Function]}
        >
          up
        </button>
        <button
          onClick={[Function]}
        >
          down
        </button>
      </li>
    </ul>
  </div>
</div>
`;
